python : C:\Users\V\AppData\L
ocal\Programs\Python\Python31
2\Lib\site-packages\pydantic\
plugin\_loader.py:50: 
UserWarning: ImportError 
while loading the 
`logfire-plugin` Pydantic 
plugin, this plugin will not 
be installed.
At line:1 char:1
+ python test_agent.py > 
test_output.txt 2>&1
+ ~~~~~~~~~~~~~~~~~~~~~~~~~~~
~~~~~~~~~~~~~~~~
    + CategoryInfo           
   : NotSpecified: (C:\User  
  s\V\AppD...t be installe   
 d.:String) [], RemoteExc    
eption
    + FullyQualifiedErrorId  
   : NativeCommandError
 

ImportError("cannot import 
name 'ReadableLogRecord' 
from 
'opentelemetry.sdk._logs' (C:
\\Users\\V\\AppData\\Local\\P
rograms\\Python\\Python312\\L
ib\\site-packages\\openteleme
try\\sdk\\_logs\\__init__.py)
")
  warnings.warn(
Testing get_agent_response...
Response: Hello! How can I assist you today?
